// Jest Snapshot v1, https://goo.gl/fbAQLP

exports[`TableView snapshot test 1`] = `
Array [
  <div
    className="table-view"
    data-testid="table-view"
  >
    <div
      className="table-view__header"
    >
      <div
        className="table-view__table-block table-view__table-block_name"
      >
        Вид работ по дефектной ведомости
      </div>
      <div
        className="table-view__table-block table-view__table-block_type"
      >
        Виды работы
      </div>
      <div
        className="table-view__table-block table-view__table-block_materials"
      >
        Материалы
      </div>
      <div
        className="table-view__table-block table-view__table-block_type-vehicles"
      >
        Типы ТС
      </div>
      <div
        className="table-view__table-block table-view__table-block_count"
      >
        Количество
      </div>
      <div
        className="table-view__table-block table-view__table-block_comment"
      >
        Комментарий
      </div>
      <div
        className="table-view__table-block table-view__table-block_delete"
      >
        Удалить строку
      </div>
    </div>
    <div
      className="table-view__body"
    >
      <div
        className="table-view__body"
      >
        <div
          className="table-view__row"
        >
          <div
            className="table-view__table-block table-view__table-block_name"
          >
            <div
              className="input_row dark "
              data-testid="form-input-field"
            >
              
              <div
                className="ui fluid input"
                data-testid="form-input-field-component"
              >
                <input
                  autoComplete="off"
                  id=""
                  name="items.0.name"
                  onBlur={[Function]}
                  onChange={[Function]}
                  onDragStart={[Function]}
                  onDrop={[Function]}
                  onFocus={[Function]}
                  placeholder=""
                  step="0"
                  type="text"
                  value=""
                />
              </div>
            </div>
          </div>
          <div
            className="table-view__information-block "
          >
            <div
              className="table__add-type"
              data-testid="table__add-type"
            >
              <button
                className="text-button"
                onClick={[Function]}
                type="button"
              >
                <div
                  className="text-button__icon text-button__icon_left"
                >
                  <div
                    className="icon_rnis  plus   "
                    data-testid="icon"
                    style={Object {}}
                  />
                </div>
                Добавить вид работы
              </button>
            </div>
          </div>
          <div
            className="table-view__table-block table-view__table-block_comment"
          >
            <div
              className="input_row dark "
              data-testid="form-input-field"
            >
              
              <div
                className="ui fluid input"
                data-testid="form-input-field-component"
              >
                <input
                  autoComplete="off"
                  id=""
                  name="items.0.comment"
                  onBlur={[Function]}
                  onChange={[Function]}
                  onDragStart={[Function]}
                  onDrop={[Function]}
                  onFocus={[Function]}
                  placeholder=""
                  step="0"
                  type="text"
                  value=""
                />
              </div>
            </div>
          </div>
          <div
            className="table-view__table-block table-view__table-block_delete"
          >
            <div
              className="icon_rnis  trash   "
              data-testid="icon"
              onClick={[Function]}
              style={Object {}}
            />
          </div>
        </div>
      </div>
    </div>
  </div>,
  <div
    className="table-view__add-row"
    data-testid="table-view__add-row"
  >
    <button
      className="text-button"
      onClick={[Function]}
      type="button"
    >
      <div
        className="text-button__icon text-button__icon_left"
      >
        <div
          className="icon_rnis  plus   "
          data-testid="icon"
          style={Object {}}
        />
      </div>
      Добавить строку
    </button>
  </div>,
]
`;
